Archive member included to satisfy reference by file (symbol)

c:/program files (x86)/atmel/studio/7.0/toolchain/avr8/avr8-gnu-toolchain/bin/../lib/gcc/avr/5.4.0/avrxmega3\libgcc.a(_udivmodhi4.o)
                              src/stepper.o (__udivmodhi4)
c:/program files (x86)/atmel/studio/7.0/toolchain/avr8/avr8-gnu-toolchain/bin/../lib/gcc/avr/5.4.0/avrxmega3\libgcc.a(_divmodhi4.o)
                              src/stepper.o (__divmodhi4)
c:/program files (x86)/atmel/studio/7.0/toolchain/avr8/avr8-gnu-toolchain/bin/../lib/gcc/avr/5.4.0/avrxmega3\libgcc.a(_exit.o)
                              C:/Program Files (x86)/Atmel/Studio/7.0/Packs/atmel/AVR-Dx_DFP/1.6.76/gcc/dev/avr32da32/avrxmega3/crtavr32da32.o (exit)
c:/program files (x86)/atmel/studio/7.0/toolchain/avr8/avr8-gnu-toolchain/bin/../lib/gcc/avr/5.4.0/avrxmega3\libgcc.a(_tablejump2.o)
                              src/iic.o (__tablejump2__)
c:/program files (x86)/atmel/studio/7.0/toolchain/avr8/avr8-gnu-toolchain/bin/../lib/gcc/avr/5.4.0/avrxmega3\libgcc.a(_copy_data.o)
                              src/iic.o (__do_copy_data)
c:/program files (x86)/atmel/studio/7.0/toolchain/avr8/avr8-gnu-toolchain/bin/../lib/gcc/avr/5.4.0/avrxmega3\libgcc.a(_clear_bss.o)
                              src/iic.o (__do_clear_bss)
c:/program files (x86)/atmel/studio/7.0/toolchain/avr8/avr8-gnu-toolchain/bin/../lib/gcc/avr/5.4.0/avrxmega3\libgcc.a(_umulhisi3.o)
                              src/stepper.o (__umulhisi3)
c:/program files (x86)/atmel/studio/7.0/toolchain/avr8/avr8-gnu-toolchain/bin/../lib/gcc/avr/5.4.0/avrxmega3\libgcc.a(_cmpdi2_s8.o)
                              src/iic.o (__cmpdi2_s8)

Allocating common symbols
Common symbol       size              file

internalAddress     0x1               src/iic.o
motorPrev           0x10              src/stepper.o
motor               0x10              src/stepper.o

Discarded input sections

 .data          0x00000000        0x0 C:/Program Files (x86)/Atmel/Studio/7.0/Packs/atmel/AVR-Dx_DFP/1.6.76/gcc/dev/avr32da32/avrxmega3/crtavr32da32.o
 .bss           0x00000000        0x0 C:/Program Files (x86)/Atmel/Studio/7.0/Packs/atmel/AVR-Dx_DFP/1.6.76/gcc/dev/avr32da32/avrxmega3/crtavr32da32.o
 .text          0x00000000        0x0 src/eeprom.o
 .data          0x00000000        0x0 src/eeprom.o
 .bss           0x00000000        0x0 src/eeprom.o
 .text.eepromReadByte
                0x00000000        0xa src/eeprom.o
 .text.eepromReadBlock
                0x00000000       0x18 src/eeprom.o
 .text.eepromWaitWhileBusy
                0x00000000        0xa src/eeprom.o
 .text.eepromWriteByte
                0x00000000       0x40 src/eeprom.o
 .text.eepromWriteBlock
                0x00000000       0x54 src/eeprom.o
 .debug_info    0x00000000      0x43a src/eeprom.o
 .debug_abbrev  0x00000000      0x1ae src/eeprom.o
 .debug_loc     0x00000000      0x30b src/eeprom.o
 .debug_aranges
                0x00000000       0x40 src/eeprom.o
 .debug_ranges  0x00000000       0x30 src/eeprom.o
 .debug_line    0x00000000      0x20e src/eeprom.o
 .debug_str     0x00000000      0x4bc src/eeprom.o
 .comment       0x00000000       0x31 src/eeprom.o
 .debug_frame   0x00000000       0xa8 src/eeprom.o
 .text          0x00000000        0x0 src/encoder.o
 .data          0x00000000        0x0 src/encoder.o
 .bss           0x00000000        0x0 src/encoder.o
 .text          0x00000000        0x0 src/iic.o
 .data          0x00000000        0x0 src/iic.o
 .bss           0x00000000        0x0 src/iic.o
 .text          0x00000000        0x0 src/iic_handlers.o
 .data          0x00000000        0x0 src/iic_handlers.o
 .bss           0x00000000        0x0 src/iic_handlers.o
 .text          0x00000000        0x0 src/interrupts.o
 .data          0x00000000        0x0 src/interrupts.o
 .bss           0x00000000        0x0 src/interrupts.o
 .text          0x00000000        0x0 src/main.o
 .data          0x00000000        0x0 src/main.o
 .bss           0x00000000        0x0 src/main.o
 .text          0x00000000        0x0 src/stepper.o
 .data          0x00000000        0x0 src/stepper.o
 .bss           0x00000000        0x0 src/stepper.o
 .text.stepperSaveData
                0x00000000       0x2e src/stepper.o
 .text.stepperLoadData
                0x00000000       0x14 src/stepper.o
 .text.stepperCheckForChange
                0x00000000       0x3a src/stepper.o
 .text.stepperPreviousPosition
                0x00000000        0xe src/stepper.o
 .data.pMotorPrev
                0x00000000        0x2 src/stepper.o
 .text          0x00000000        0x0 src/system.o
 .data          0x00000000        0x0 src/system.o
 .bss           0x00000000        0x0 src/system.o
 .text          0x00000000        0x0 c:/program files (x86)/atmel/studio/7.0/toolchain/avr8/avr8-gnu-toolchain/bin/../lib/gcc/avr/5.4.0/avrxmega3\libgcc.a(_udivmodhi4.o)
 .data          0x00000000        0x0 c:/program files (x86)/atmel/studio/7.0/toolchain/avr8/avr8-gnu-toolchain/bin/../lib/gcc/avr/5.4.0/avrxmega3\libgcc.a(_udivmodhi4.o)
 .bss           0x00000000        0x0 c:/program files (x86)/atmel/studio/7.0/toolchain/avr8/avr8-gnu-toolchain/bin/../lib/gcc/avr/5.4.0/avrxmega3\libgcc.a(_udivmodhi4.o)
 .text.libgcc.mul
                0x00000000        0x0 c:/program files (x86)/atmel/studio/7.0/toolchain/avr8/avr8-gnu-toolchain/bin/../lib/gcc/avr/5.4.0/avrxmega3\libgcc.a(_udivmodhi4.o)
 .text.libgcc   0x00000000        0x0 c:/program files (x86)/atmel/studio/7.0/toolchain/avr8/avr8-gnu-toolchain/bin/../lib/gcc/avr/5.4.0/avrxmega3\libgcc.a(_udivmodhi4.o)
 .text.libgcc.prologue
                0x00000000        0x0 c:/program files (x86)/atmel/studio/7.0/toolchain/avr8/avr8-gnu-toolchain/bin/../lib/gcc/avr/5.4.0/avrxmega3\libgcc.a(_udivmodhi4.o)
 .text.libgcc.builtins
                0x00000000        0x0 c:/program files (x86)/atmel/studio/7.0/toolchain/avr8/avr8-gnu-toolchain/bin/../lib/gcc/avr/5.4.0/avrxmega3\libgcc.a(_udivmodhi4.o)
 .text.libgcc.fmul
                0x00000000        0x0 c:/program files (x86)/atmel/studio/7.0/toolchain/avr8/avr8-gnu-toolchain/bin/../lib/gcc/avr/5.4.0/avrxmega3\libgcc.a(_udivmodhi4.o)
 .text.libgcc.fixed
                0x00000000        0x0 c:/program files (x86)/atmel/studio/7.0/toolchain/avr8/avr8-gnu-toolchain/bin/../lib/gcc/avr/5.4.0/avrxmega3\libgcc.a(_udivmodhi4.o)
 .text          0x00000000        0x0 c:/program files (x86)/atmel/studio/7.0/toolchain/avr8/avr8-gnu-toolchain/bin/../lib/gcc/avr/5.4.0/avrxmega3\libgcc.a(_divmodhi4.o)
 .data          0x00000000        0x0 c:/program files (x86)/atmel/studio/7.0/toolchain/avr8/avr8-gnu-toolchain/bin/../lib/gcc/avr/5.4.0/avrxmega3\libgcc.a(_divmodhi4.o)
 .bss           0x00000000        0x0 c:/program files (x86)/atmel/studio/7.0/toolchain/avr8/avr8-gnu-toolchain/bin/../lib/gcc/avr/5.4.0/avrxmega3\libgcc.a(_divmodhi4.o)
 .text.libgcc.mul
                0x00000000        0x0 c:/program files (x86)/atmel/studio/7.0/toolchain/avr8/avr8-gnu-toolchain/bin/../lib/gcc/avr/5.4.0/avrxmega3\libgcc.a(_divmodhi4.o)
 .text.libgcc   0x00000000        0x0 c:/program files (x86)/atmel/studio/7.0/toolchain/avr8/avr8-gnu-toolchain/bin/../lib/gcc/avr/5.4.0/avrxmega3\libgcc.a(_divmodhi4.o)
 .text.libgcc.prologue
                0x00000000        0x0 c:/program files (x86)/atmel/studio/7.0/toolchain/avr8/avr8-gnu-toolchain/bin/../lib/gcc/avr/5.4.0/avrxmega3\libgcc.a(_divmodhi4.o)
 .text.libgcc.builtins
                0x00000000        0x0 c:/program files (x86)/atmel/studio/7.0/toolchain/avr8/avr8-gnu-toolchain/bin/../lib/gcc/avr/5.4.0/avrxmega3\libgcc.a(_divmodhi4.o)
 .text.libgcc.fmul
                0x00000000        0x0 c:/program files (x86)/atmel/studio/7.0/toolchain/avr8/avr8-gnu-toolchain/bin/../lib/gcc/avr/5.4.0/avrxmega3\libgcc.a(_divmodhi4.o)
 .text.libgcc.fixed
                0x00000000        0x0 c:/program files (x86)/atmel/studio/7.0/toolchain/avr8/avr8-gnu-toolchain/bin/../lib/gcc/avr/5.4.0/avrxmega3\libgcc.a(_divmodhi4.o)
 .text          0x00000000        0x0 c:/program files (x86)/atmel/studio/7.0/toolchain/avr8/avr8-gnu-toolchain/bin/../lib/gcc/avr/5.4.0/avrxmega3\libgcc.a(_exit.o)
 .data          0x00000000        0x0 c:/program files (x86)/atmel/studio/7.0/toolchain/avr8/avr8-gnu-toolchain/bin/../lib/gcc/avr/5.4.0/avrxmega3\libgcc.a(_exit.o)
 .bss           0x00000000        0x0 c:/program files (x86)/atmel/studio/7.0/toolchain/avr8/avr8-gnu-toolchain/bin/../lib/gcc/avr/5.4.0/avrxmega3\libgcc.a(_exit.o)
 .text.libgcc.mul
                0x00000000        0x0 c:/program files (x86)/atmel/studio/7.0/toolchain/avr8/avr8-gnu-toolchain/bin/../lib/gcc/avr/5.4.0/avrxmega3\libgcc.a(_exit.o)
 .text.libgcc.div
                0x00000000        0x0 c:/program files (x86)/atmel/studio/7.0/toolchain/avr8/avr8-gnu-toolchain/bin/../lib/gcc/avr/5.4.0/avrxmega3\libgcc.a(_exit.o)
 .text.libgcc   0x00000000        0x0 c:/program files (x86)/atmel/studio/7.0/toolchain/avr8/avr8-gnu-toolchain/bin/../lib/gcc/avr/5.4.0/avrxmega3\libgcc.a(_exit.o)
 .text.libgcc.prologue
                0x00000000        0x0 c:/program files (x86)/atmel/studio/7.0/toolchain/avr8/avr8-gnu-toolchain/bin/../lib/gcc/avr/5.4.0/avrxmega3\libgcc.a(_exit.o)
 .text.libgcc.builtins
                0x00000000        0x0 c:/program files (x86)/atmel/studio/7.0/toolchain/avr8/avr8-gnu-toolchain/bin/../lib/gcc/avr/5.4.0/avrxmega3\libgcc.a(_exit.o)
 .text.libgcc.fmul
                0x00000000        0x0 c:/program files (x86)/atmel/studio/7.0/toolchain/avr8/avr8-gnu-toolchain/bin/../lib/gcc/avr/5.4.0/avrxmega3\libgcc.a(_exit.o)
 .text.libgcc.fixed
                0x00000000        0x0 c:/program files (x86)/atmel/studio/7.0/toolchain/avr8/avr8-gnu-toolchain/bin/../lib/gcc/avr/5.4.0/avrxmega3\libgcc.a(_exit.o)
 .text          0x00000000        0x0 c:/program files (x86)/atmel/studio/7.0/toolchain/avr8/avr8-gnu-toolchain/bin/../lib/gcc/avr/5.4.0/avrxmega3\libgcc.a(_tablejump2.o)
 .data          0x00000000        0x0 c:/program files (x86)/atmel/studio/7.0/toolchain/avr8/avr8-gnu-toolchain/bin/../lib/gcc/avr/5.4.0/avrxmega3\libgcc.a(_tablejump2.o)
 .bss           0x00000000        0x0 c:/program files (x86)/atmel/studio/7.0/toolchain/avr8/avr8-gnu-toolchain/bin/../lib/gcc/avr/5.4.0/avrxmega3\libgcc.a(_tablejump2.o)
 .text.libgcc.mul
                0x00000000        0x0 c:/program files (x86)/atmel/studio/7.0/toolchain/avr8/avr8-gnu-toolchain/bin/../lib/gcc/avr/5.4.0/avrxmega3\libgcc.a(_tablejump2.o)
 .text.libgcc.div
                0x00000000        0x0 c:/program files (x86)/atmel/studio/7.0/toolchain/avr8/avr8-gnu-toolchain/bin/../lib/gcc/avr/5.4.0/avrxmega3\libgcc.a(_tablejump2.o)
 .text.libgcc.prologue
                0x00000000        0x0 c:/program files (x86)/atmel/studio/7.0/toolchain/avr8/avr8-gnu-toolchain/bin/../lib/gcc/avr/5.4.0/avrxmega3\libgcc.a(_tablejump2.o)
 .text.libgcc.builtins
                0x00000000        0x0 c:/program files (x86)/atmel/studio/7.0/toolchain/avr8/avr8-gnu-toolchain/bin/../lib/gcc/avr/5.4.0/avrxmega3\libgcc.a(_tablejump2.o)
 .text.libgcc.fmul
                0x00000000        0x0 c:/program files (x86)/atmel/studio/7.0/toolchain/avr8/avr8-gnu-toolchain/bin/../lib/gcc/avr/5.4.0/avrxmega3\libgcc.a(_tablejump2.o)
 .text.libgcc.fixed
                0x00000000        0x0 c:/program files (x86)/atmel/studio/7.0/toolchain/avr8/avr8-gnu-toolchain/bin/../lib/gcc/avr/5.4.0/avrxmega3\libgcc.a(_tablejump2.o)
 .text          0x00000000        0x0 c:/program files (x86)/atmel/studio/7.0/toolchain/avr8/avr8-gnu-toolchain/bin/../lib/gcc/avr/5.4.0/avrxmega3\libgcc.a(_copy_data.o)
 .data          0x00000000        0x0 c:/program files (x86)/atmel/studio/7.0/toolchain/avr8/avr8-gnu-toolchain/bin/../lib/gcc/avr/5.4.0/avrxmega3\libgcc.a(_copy_data.o)
 .bss           0x00000000        0x0 c:/program files (x86)/atmel/studio/7.0/toolchain/avr8/avr8-gnu-toolchain/bin/../lib/gcc/avr/5.4.0/avrxmega3\libgcc.a(_copy_data.o)
 .text.libgcc.mul
                0x00000000        0x0 c:/program files (x86)/atmel/studio/7.0/toolchain/avr8/avr8-gnu-toolchain/bin/../lib/gcc/avr/5.4.0/avrxmega3\libgcc.a(_copy_data.o)
 .text.libgcc.div
                0x00000000        0x0 c:/program files (x86)/atmel/studio/7.0/toolchain/avr8/avr8-gnu-toolchain/bin/../lib/gcc/avr/5.4.0/avrxmega3\libgcc.a(_copy_data.o)
 .text.libgcc   0x00000000        0x0 c:/program files (x86)/atmel/studio/7.0/toolchain/avr8/avr8-gnu-toolchain/bin/../lib/gcc/avr/5.4.0/avrxmega3\libgcc.a(_copy_data.o)
 .text.libgcc.prologue
                0x00000000        0x0 c:/program files (x86)/atmel/studio/7.0/toolchain/avr8/avr8-gnu-toolchain/bin/../lib/gcc/avr/5.4.0/avrxmega3\libgcc.a(_copy_data.o)
 .text.libgcc.builtins
                0x00000000        0x0 c:/program files (x86)/atmel/studio/7.0/toolchain/avr8/avr8-gnu-toolchain/bin/../lib/gcc/avr/5.4.0/avrxmega3\libgcc.a(_copy_data.o)
 .text.libgcc.fmul
                0x00000000        0x0 c:/program files (x86)/atmel/studio/7.0/toolchain/avr8/avr8-gnu-toolchain/bin/../lib/gcc/avr/5.4.0/avrxmega3\libgcc.a(_copy_data.o)
 .text.libgcc.fixed
                0x00000000        0x0 c:/program files (x86)/atmel/studio/7.0/toolchain/avr8/avr8-gnu-toolchain/bin/../lib/gcc/avr/5.4.0/avrxmega3\libgcc.a(_copy_data.o)
 .text          0x00000000        0x0 c:/program files (x86)/atmel/studio/7.0/toolchain/avr8/avr8-gnu-toolchain/bin/../lib/gcc/avr/5.4.0/avrxmega3\libgcc.a(_clear_bss.o)
 .data          0x00000000        0x0 c:/program files (x86)/atmel/studio/7.0/toolchain/avr8/avr8-gnu-toolchain/bin/../lib/gcc/avr/5.4.0/avrxmega3\libgcc.a(_clear_bss.o)
 .bss           0x00000000        0x0 c:/program files (x86)/atmel/studio/7.0/toolchain/avr8/avr8-gnu-toolchain/bin/../lib/gcc/avr/5.4.0/avrxmega3\libgcc.a(_clear_bss.o)
 .text.libgcc.mul
                0x00000000        0x0 c:/program files (x86)/atmel/studio/7.0/toolchain/avr8/avr8-gnu-toolchain/bin/../lib/gcc/avr/5.4.0/avrxmega3\libgcc.a(_clear_bss.o)
 .text.libgcc.div
                0x00000000        0x0 c:/program files (x86)/atmel/studio/7.0/toolchain/avr8/avr8-gnu-toolchain/bin/../lib/gcc/avr/5.4.0/avrxmega3\libgcc.a(_clear_bss.o)
 .text.libgcc   0x00000000        0x0 c:/program files (x86)/atmel/studio/7.0/toolchain/avr8/avr8-gnu-toolchain/bin/../lib/gcc/avr/5.4.0/avrxmega3\libgcc.a(_clear_bss.o)
 .text.libgcc.prologue
                0x00000000        0x0 c:/program files (x86)/atmel/studio/7.0/toolchain/avr8/avr8-gnu-toolchain/bin/../lib/gcc/avr/5.4.0/avrxmega3\libgcc.a(_clear_bss.o)
 .text.libgcc.builtins
                0x00000000        0x0 c:/program files (x86)/atmel/studio/7.0/toolchain/avr8/avr8-gnu-toolchain/bin/../lib/gcc/avr/5.4.0/avrxmega3\libgcc.a(_clear_bss.o)
 .text.libgcc.fmul
                0x00000000        0x0 c:/program files (x86)/atmel/studio/7.0/toolchain/avr8/avr8-gnu-toolchain/bin/../lib/gcc/avr/5.4.0/avrxmega3\libgcc.a(_clear_bss.o)
 .text.libgcc.fixed
                0x00000000        0x0 c:/program files (x86)/atmel/studio/7.0/toolchain/avr8/avr8-gnu-toolchain/bin/../lib/gcc/avr/5.4.0/avrxmega3\libgcc.a(_clear_bss.o)
 .text          0x00000000        0x0 c:/program files (x86)/atmel/studio/7.0/toolchain/avr8/avr8-gnu-toolchain/bin/../lib/gcc/avr/5.4.0/avrxmega3\libgcc.a(_umulhisi3.o)
 .data          0x00000000        0x0 c:/program files (x86)/atmel/studio/7.0/toolchain/avr8/avr8-gnu-toolchain/bin/../lib/gcc/avr/5.4.0/avrxmega3\libgcc.a(_umulhisi3.o)
 .bss           0x00000000        0x0 c:/program files (x86)/atmel/studio/7.0/toolchain/avr8/avr8-gnu-toolchain/bin/../lib/gcc/avr/5.4.0/avrxmega3\libgcc.a(_umulhisi3.o)
 .text.libgcc.div
                0x00000000        0x0 c:/program files (x86)/atmel/studio/7.0/toolchain/avr8/avr8-gnu-toolchain/bin/../lib/gcc/avr/5.4.0/avrxmega3\libgcc.a(_umulhisi3.o)
 .text.libgcc   0x00000000        0x0 c:/program files (x86)/atmel/studio/7.0/toolchain/avr8/avr8-gnu-toolchain/bin/../lib/gcc/avr/5.4.0/avrxmega3\libgcc.a(_umulhisi3.o)
 .text.libgcc.prologue
                0x00000000        0x0 c:/program files (x86)/atmel/studio/7.0/toolchain/avr8/avr8-gnu-toolchain/bin/../lib/gcc/avr/5.4.0/avrxmega3\libgcc.a(_umulhisi3.o)
 .text.libgcc.builtins
                0x00000000        0x0 c:/program files (x86)/atmel/studio/7.0/toolchain/avr8/avr8-gnu-toolchain/bin/../lib/gcc/avr/5.4.0/avrxmega3\libgcc.a(_umulhisi3.o)
 .text.libgcc.fmul
                0x00000000        0x0 c:/program files (x86)/atmel/studio/7.0/toolchain/avr8/avr8-gnu-toolchain/bin/../lib/gcc/avr/5.4.0/avrxmega3\libgcc.a(_umulhisi3.o)
 .text.libgcc.fixed
                0x00000000        0x0 c:/program files (x86)/atmel/studio/7.0/toolchain/avr8/avr8-gnu-toolchain/bin/../lib/gcc/avr/5.4.0/avrxmega3\libgcc.a(_umulhisi3.o)
 .text          0x00000000        0x0 c:/program files (x86)/atmel/studio/7.0/toolchain/avr8/avr8-gnu-toolchain/bin/../lib/gcc/avr/5.4.0/avrxmega3\libgcc.a(_cmpdi2_s8.o)
 .data          0x00000000        0x0 c:/program files (x86)/atmel/studio/7.0/toolchain/avr8/avr8-gnu-toolchain/bin/../lib/gcc/avr/5.4.0/avrxmega3\libgcc.a(_cmpdi2_s8.o)
 .bss           0x00000000        0x0 c:/program files (x86)/atmel/studio/7.0/toolchain/avr8/avr8-gnu-toolchain/bin/../lib/gcc/avr/5.4.0/avrxmega3\libgcc.a(_cmpdi2_s8.o)
 .text.libgcc.mul
                0x00000000        0x0 c:/program files (x86)/atmel/studio/7.0/toolchain/avr8/avr8-gnu-toolchain/bin/../lib/gcc/avr/5.4.0/avrxmega3\libgcc.a(_cmpdi2_s8.o)
 .text.libgcc.div
                0x00000000        0x0 c:/program files (x86)/atmel/studio/7.0/toolchain/avr8/avr8-gnu-toolchain/bin/../lib/gcc/avr/5.4.0/avrxmega3\libgcc.a(_cmpdi2_s8.o)
 .text.libgcc.prologue
                0x00000000        0x0 c:/program files (x86)/atmel/studio/7.0/toolchain/avr8/avr8-gnu-toolchain/bin/../lib/gcc/avr/5.4.0/avrxmega3\libgcc.a(_cmpdi2_s8.o)
 .text.libgcc.builtins
                0x00000000        0x0 c:/program files (x86)/atmel/studio/7.0/toolchain/avr8/avr8-gnu-toolchain/bin/../lib/gcc/avr/5.4.0/avrxmega3\libgcc.a(_cmpdi2_s8.o)
 .text.libgcc.fmul
                0x00000000        0x0 c:/program files (x86)/atmel/studio/7.0/toolchain/avr8/avr8-gnu-toolchain/bin/../lib/gcc/avr/5.4.0/avrxmega3\libgcc.a(_cmpdi2_s8.o)
 .text.libgcc.fixed
                0x00000000        0x0 c:/program files (x86)/atmel/studio/7.0/toolchain/avr8/avr8-gnu-toolchain/bin/../lib/gcc/avr/5.4.0/avrxmega3\libgcc.a(_cmpdi2_s8.o)

Memory Configuration

Name             Origin             Length             Attributes
text             0x00000000         0x00008000         xr
data             0x00807000         0x00001000         rw !x
eeprom           0x00810000         0x00000200         rw !x
fuse             0x00820000         0x00000010         rw !x
lock             0x00830000         0x00000400         rw !x
signature        0x00840000         0x00000400         rw !x
user_signatures  0x00850000         0x00000400         rw !x
*default*        0x00000000         0xffffffff

Linker script and memory map

Address of section .data set to 0x807000
                0x00008000                __RODATA_PM_OFFSET__ = 0x8000
LOAD C:/Program Files (x86)/Atmel/Studio/7.0/Packs/atmel/AVR-Dx_DFP/1.6.76/gcc/dev/avr32da32/avrxmega3/crtavr32da32.o
LOAD src/eeprom.o
LOAD src/encoder.o
LOAD src/iic.o
LOAD src/iic_handlers.o
LOAD src/interrupts.o
LOAD src/main.o
LOAD src/stepper.o
LOAD src/system.o
START GROUP
LOAD c:/program files (x86)/atmel/studio/7.0/toolchain/avr8/avr8-gnu-toolchain/bin/../lib/gcc/avr/5.4.0/../../../../avr/lib/avrxmega3\libm.a
END GROUP
START GROUP
LOAD c:/program files (x86)/atmel/studio/7.0/toolchain/avr8/avr8-gnu-toolchain/bin/../lib/gcc/avr/5.4.0/avrxmega3\libgcc.a
LOAD c:/program files (x86)/atmel/studio/7.0/toolchain/avr8/avr8-gnu-toolchain/bin/../lib/gcc/avr/5.4.0/../../../../avr/lib/avrxmega3\libm.a
LOAD c:/program files (x86)/atmel/studio/7.0/toolchain/avr8/avr8-gnu-toolchain/bin/../lib/gcc/avr/5.4.0/../../../../avr/lib/avrxmega3\libc.a
LOAD C:/Program Files (x86)/Atmel/Studio/7.0/Packs/atmel/AVR-Dx_DFP/1.6.76/gcc/dev/avr32da32/avrxmega3\libavr32da32.a
END GROUP
                [0x00000000]                __TEXT_REGION_ORIGIN__ = DEFINED (__TEXT_REGION_ORIGIN__)?__TEXT_REGION_ORIGIN__:0x0
                [0x00807000]                __DATA_REGION_ORIGIN__ = DEFINED (__DATA_REGION_ORIGIN__)?__DATA_REGION_ORIGIN__:0x802000
                [0x00008000]                __TEXT_REGION_LENGTH__ = DEFINED (__TEXT_REGION_LENGTH__)?__TEXT_REGION_LENGTH__:0x100000
                [0x00001000]                __DATA_REGION_LENGTH__ = DEFINED (__DATA_REGION_LENGTH__)?__DATA_REGION_LENGTH__:0xffa0
                [0x00000200]                __EEPROM_REGION_LENGTH__ = DEFINED (__EEPROM_REGION_LENGTH__)?__EEPROM_REGION_LENGTH__:0x10000
                [0x00000010]                __FUSE_REGION_LENGTH__ = DEFINED (__FUSE_REGION_LENGTH__)?__FUSE_REGION_LENGTH__:0x400
                0x00000400                __LOCK_REGION_LENGTH__ = DEFINED (__LOCK_REGION_LENGTH__)?__LOCK_REGION_LENGTH__:0x400
                0x00000400                __SIGNATURE_REGION_LENGTH__ = DEFINED (__SIGNATURE_REGION_LENGTH__)?__SIGNATURE_REGION_LENGTH__:0x400
                0x00000400                __USER_SIGNATURE_REGION_LENGTH__ = DEFINED (__USER_SIGNATURE_REGION_LENGTH__)?__USER_SIGNATURE_REGION_LENGTH__:0x400
                0x00008000                __RODATA_PM_OFFSET__ = DEFINED (__RODATA_PM_OFFSET__)?__RODATA_PM_OFFSET__:0x8000

.hash
 *(.hash)

.dynsym
 *(.dynsym)

.dynstr
 *(.dynstr)

.gnu.version
 *(.gnu.version)

.gnu.version_d
 *(.gnu.version_d)

.gnu.version_r
 *(.gnu.version_r)

.rel.init
 *(.rel.init)

.rela.init
 *(.rela.init)

.rel.text
 *(.rel.text)
 *(.rel.text.*)
 *(.rel.gnu.linkonce.t*)

.rela.text
 *(.rela.text)
 *(.rela.text.*)
 *(.rela.gnu.linkonce.t*)

.rel.fini
 *(.rel.fini)

.rela.fini
 *(.rela.fini)

.rel.rodata
 *(.rel.rodata)
 *(.rel.rodata.*)
 *(.rel.gnu.linkonce.r*)

.rela.rodata
 *(.rela.rodata)
 *(.rela.rodata.*)
 *(.rela.gnu.linkonce.r*)

.rel.data
 *(.rel.data)
 *(.rel.data.*)
 *(.rel.gnu.linkonce.d*)

.rela.data
 *(.rela.data)
 *(.rela.data.*)
 *(.rela.gnu.linkonce.d*)

.rel.ctors
 *(.rel.ctors)

.rela.ctors
 *(.rela.ctors)

.rel.dtors
 *(.rel.dtors)

.rela.dtors
 *(.rela.dtors)

.rel.got
 *(.rel.got)

.rela.got
 *(.rela.got)

.rel.bss
 *(.rel.bss)

.rela.bss
 *(.rela.bss)

.rel.plt
 *(.rel.plt)

.rela.plt
 *(.rela.plt)

.text           0x00000000      0xd88
 *(.vectors)
 .vectors       0x00000000       0xb0 C:/Program Files (x86)/Atmel/Studio/7.0/Packs/atmel/AVR-Dx_DFP/1.6.76/gcc/dev/avr32da32/avrxmega3/crtavr32da32.o
                0x00000000                __vector_default
                0x00000000                __vectors
 *(.vectors)
 *(.progmem.gcc*)
 .progmem.gcc_sw_table.iicHandleData
                0x000000b0       0x12 src/iic.o
                0x000000c2                . = ALIGN (0x2)
                0x000000c2                __trampolines_start = .
 *(.trampolines)
 .trampolines   0x000000c2        0x0 linker stubs
 *(.trampolines*)
                0x000000c2                __trampolines_end = .
 *libprintf_flt.a:*(.progmem.data)
 *libc.a:*(.progmem.data)
 *(.progmem*)
                0x000000c2                . = ALIGN (0x2)
 *(.jumptables)
 *(.jumptables*)
 *(.lowtext)
 *(.lowtext*)
                0x000000c2                __ctors_start = .
 *(.ctors)
                0x000000c2                __ctors_end = .
                0x000000c2                __dtors_start = .
 *(.dtors)
                0x000000c2                __dtors_end = .
 SORT(*)(.ctors)
 SORT(*)(.dtors)
 *(.init0)
 .init0         0x000000c2        0x0 C:/Program Files (x86)/Atmel/Studio/7.0/Packs/atmel/AVR-Dx_DFP/1.6.76/gcc/dev/avr32da32/avrxmega3/crtavr32da32.o
                0x000000c2                __init
 *(.init0)
 *(.init1)
 *(.init1)
 *(.init2)
 .init2         0x000000c2        0xc C:/Program Files (x86)/Atmel/Studio/7.0/Packs/atmel/AVR-Dx_DFP/1.6.76/gcc/dev/avr32da32/avrxmega3/crtavr32da32.o
 *(.init2)
 *(.init3)
 *(.init3)
 *(.init4)
 .init4         0x000000ce       0x16 c:/program files (x86)/atmel/studio/7.0/toolchain/avr8/avr8-gnu-toolchain/bin/../lib/gcc/avr/5.4.0/avrxmega3\libgcc.a(_copy_data.o)
                0x000000ce                __do_copy_data
 .init4         0x000000e4       0x10 c:/program files (x86)/atmel/studio/7.0/toolchain/avr8/avr8-gnu-toolchain/bin/../lib/gcc/avr/5.4.0/avrxmega3\libgcc.a(_clear_bss.o)
                0x000000e4                __do_clear_bss
 *(.init4)
 *(.init5)
 *(.init5)
 *(.init6)
 *(.init6)
 *(.init7)
 *(.init7)
 *(.init8)
 *(.init8)
 *(.init9)
 .init9         0x000000f4        0x8 C:/Program Files (x86)/Atmel/Studio/7.0/Packs/atmel/AVR-Dx_DFP/1.6.76/gcc/dev/avr32da32/avrxmega3/crtavr32da32.o
 *(.init9)
 *(.text)
 .text          0x000000fc        0x4 C:/Program Files (x86)/Atmel/Studio/7.0/Packs/atmel/AVR-Dx_DFP/1.6.76/gcc/dev/avr32da32/avrxmega3/crtavr32da32.o
                0x000000fc                __vector_38
                0x000000fc                __vector_22
                0x000000fc                __vector_28
                0x000000fc                __vector_1
                0x000000fc                __vector_32
                0x000000fc                __vector_34
                0x000000fc                __vector_24
                0x000000fc                __bad_interrupt
                0x000000fc                __vector_31
                0x000000fc                __vector_35
                0x000000fc                __vector_39
                0x000000fc                __vector_3
                0x000000fc                __vector_23
                0x000000fc                __vector_30
                0x000000fc                __vector_25
                0x000000fc                __vector_11
                0x000000fc                __vector_17
                0x000000fc                __vector_19
                0x000000fc                __vector_7
                0x000000fc                __vector_41
                0x000000fc                __vector_43
                0x000000fc                __vector_27
                0x000000fc                __vector_5
                0x000000fc                __vector_33
                0x000000fc                __vector_37
                0x000000fc                __vector_4
                0x000000fc                __vector_9
                0x000000fc                __vector_2
                0x000000fc                __vector_21
                0x000000fc                __vector_15
                0x000000fc                __vector_36
                0x000000fc                __vector_29
                0x000000fc                __vector_40
                0x000000fc                __vector_8
                0x000000fc                __vector_26
                0x000000fc                __vector_14
                0x000000fc                __vector_10
                0x000000fc                __vector_16
                0x000000fc                __vector_18
                0x000000fc                __vector_20
                0x00000100                . = ALIGN (0x2)
 *(.text.*)
 .text.encoderRotDirection
                0x00000100       0x1e src/encoder.o
                0x00000100                encoderRotDirection
 .text.iicInit  0x0000011e       0x26 src/iic.o
                0x0000011e                iicInit
 .text.iicAddrOrStopFlag
                0x00000144       0x20 src/iic.o
                0x00000144                iicAddrOrStopFlag
 .text.iicSendResponse
                0x00000164        0xe src/iic.o
                0x00000164                iicSendResponse
 .text.iicReadOrWriteFlag
                0x00000172        0xe src/iic.o
                0x00000172                iicReadOrWriteFlag
 .text.iicDataIntFlag
                0x00000180        0xe src/iic.o
                0x00000180                iicDataIntFlag
 .text.iicReadSdata
                0x0000018e        0xc src/iic.o
                0x0000018e                iicReadSdata
 .text.iicSetInternalAddress
                0x0000019a        0x6 src/iic.o
                0x0000019a                iicSetInternalAddress
 .text.iicWaitForDataIntFlag
                0x000001a0       0x3a src/iic.o
                0x000001a0                iicWaitForDataIntFlag
 .text.iicReadInternalAddress
                0x000001da        0x6 src/iic.o
                0x000001da                iicReadInternalAddress
 .text.iicWriteSdata
                0x000001e0        0xc src/iic.o
                0x000001e0                iicWriteSdata
 .text.iicKill  0x000001ec        0xc src/iic.o
                0x000001ec                iicKill
 .text.iicWrite
                0x000001f8       0x50 src/iic.o
                0x000001f8                iicWrite
 .text.iicRead  0x00000248       0xa2 src/iic.o
                0x00000248                iicRead
 .text.iicHandleData
                0x000002ea       0x66 src/iic.o
                0x000002ea                iicHandleData
 .text.handlerMotorSetPoint
                0x00000350       0x46 src/iic_handlers.o
                0x00000350                handlerMotorSetPoint
 .text.handlerMotorPosition
                0x00000396       0x46 src/iic_handlers.o
                0x00000396                handlerMotorPosition
 .text.handlerMotorSpeed
                0x000003dc       0x46 src/iic_handlers.o
                0x000003dc                handlerMotorSpeed
 .text.handlerMotorCurrent
                0x00000422       0x42 src/iic_handlers.o
                0x00000422                handlerMotorCurrent
 .text.handlerMotorStepMode
                0x00000464       0x3a src/iic_handlers.o
                0x00000464                handlerMotorStepMode
 .text.handlerMotorStatusFlags
                0x0000049e       0x32 src/iic_handlers.o
                0x0000049e                handlerMotorStatusFlags
 .text.handlerBatteryVoltage
                0x000004d0       0x38 src/iic_handlers.o
                0x000004d0                handlerBatteryVoltage
 .text.__vector_6
                0x00000508       0x56 src/interrupts.o
                0x00000508                __vector_6
 .text.__vector_42
                0x0000055e       0x92 src/interrupts.o
                0x0000055e                __vector_42
 .text.__vector_12
                0x000005f0       0x52 src/interrupts.o
                0x000005f0                __vector_12
 .text.__vector_13
                0x00000642       0x4e src/interrupts.o
                0x00000642                __vector_13
 .text.main     0x00000690       0x90 src/main.o
                0x00000690                main
 .text.stepperStartMove
                0x00000720      0x17e src/stepper.o
                0x00000720                stepperStartMove
 .text.stepperSetStepMode
                0x0000089e       0x24 src/stepper.o
                0x0000089e                stepperSetStepMode
 .text.stepperSetSpeed
                0x000008c2        0xe src/stepper.o
                0x000008c2                stepperSetSpeed
 .text.stepperStopMove
                0x000008d0        0xc src/stepper.o
                0x000008d0                stepperStopMove
 .text.stepperIncrementPosition
                0x000008dc       0x1e src/stepper.o
                0x000008dc                stepperIncrementPosition
 .text.stepperSetDecay
                0x000008fa       0x4a src/stepper.o
                0x000008fa                stepperSetDecay
 .text.stepperSetDirection
                0x00000944       0x1c src/stepper.o
                0x00000944                stepperSetDirection
 .text.stepperSetCurrent
                0x00000960       0x68 src/stepper.o
                0x00000960                stepperSetCurrent
 .text.stepperSetSetPoint
                0x000009c8       0x34 src/stepper.o
                0x000009c8                stepperSetSetPoint
 .text.stepperSetPosition
                0x000009fc       0x3c src/stepper.o
                0x000009fc                stepperSetPosition
 .text.stepperAtSetPoint
                0x00000a38       0x1e src/stepper.o
                0x00000a38                stepperAtSetPoint
 .text.stepperPosition
                0x00000a56        0xe src/stepper.o
                0x00000a56                stepperPosition
 .text.stepperSetPoint
                0x00000a64        0xe src/stepper.o
                0x00000a64                stepperSetPoint
 .text.stepperSpeed
                0x00000a72        0xe src/stepper.o
                0x00000a72                stepperSpeed
 .text.stepperConfigTimeoutTimer
                0x00000a80       0x10 src/stepper.o
                0x00000a80                stepperConfigTimeoutTimer
 .text.stepperInit
                0x00000a90       0x50 src/stepper.o
                0x00000a90                stepperInit
 .text.stepperStartTimeoutTimer
                0x00000ae0        0xe src/stepper.o
                0x00000ae0                stepperStartTimeoutTimer
 .text.stepperClearTimeoutTimer
                0x00000aee       0x18 src/stepper.o
                0x00000aee                stepperClearTimeoutTimer
 .text.stepperStopTimeoutTimer
                0x00000b06        0xe src/stepper.o
                0x00000b06                stepperStopTimeoutTimer
 .text.stepperIncrementTimeoutCount
                0x00000b14       0x10 src/stepper.o
                0x00000b14                stepperIncrementTimeoutCount
 .text.stepperSetFlag
                0x00000b24       0x10 src/stepper.o
                0x00000b24                stepperSetFlag
 .text.stepperClearFlag
                0x00000b34       0x12 src/stepper.o
                0x00000b34                stepperClearFlag
 .text.stepperFlags
                0x00000b46        0xc src/stepper.o
                0x00000b46                stepperFlags
 .text.stepperGoToZero
                0x00000b52       0x6c src/stepper.o
                0x00000b52                stepperGoToZero
 .text.stepperCurrentLimit
                0x00000bbe        0xe src/stepper.o
                0x00000bbe                stepperCurrentLimit
 .text.stepperStepMode
                0x00000bcc        0xc src/stepper.o
                0x00000bcc                stepperStepMode
 .text.systemPortAConfig
                0x00000bd8       0x32 src/system.o
                0x00000bd8                systemPortAConfig
 .text.systemPortCConfig
                0x00000c0a       0x24 src/system.o
                0x00000c0a                systemPortCConfig
 .text.systemPortDConfig
                0x00000c2e       0x1e src/system.o
                0x00000c2e                systemPortDConfig
 .text.systemPortFConfig
                0x00000c4c       0x10 src/system.o
                0x00000c4c                systemPortFConfig
 .text.systemClockConfig
                0x00000c5c       0x12 src/system.o
                0x00000c5c                systemClockConfig
 .text.systemConfigADC
                0x00000c6e       0x3e src/system.o
                0x00000c6e                systemConfigADC
 .text.systemADCResult
                0x00000cac        0xa src/system.o
                0x00000cac                systemADCResult
 .text.systemConfigTCB
                0x00000cb6       0x12 src/system.o
                0x00000cb6                systemConfigTCB
 .text.systemEnableTCA0
                0x00000cc8       0x16 src/system.o
                0x00000cc8                systemEnableTCA0
 .text.systemEnableTCB
                0x00000cde        0xa src/system.o
                0x00000cde                systemEnableTCB
 .text.systemDisableTCB
                0x00000ce8        0xa src/system.o
                0x00000ce8                systemDisableTCB
 .text.libgcc.div
                0x00000cf2       0x28 c:/program files (x86)/atmel/studio/7.0/toolchain/avr8/avr8-gnu-toolchain/bin/../lib/gcc/avr/5.4.0/avrxmega3\libgcc.a(_udivmodhi4.o)
                0x00000cf2                __udivmodhi4
 .text.libgcc.div
                0x00000d1a       0x28 c:/program files (x86)/atmel/studio/7.0/toolchain/avr8/avr8-gnu-toolchain/bin/../lib/gcc/avr/5.4.0/avrxmega3\libgcc.a(_divmodhi4.o)
                0x00000d1a                _div
                0x00000d1a                __divmodhi4
 .text.libgcc   0x00000d42        0xc c:/program files (x86)/atmel/studio/7.0/toolchain/avr8/avr8-gnu-toolchain/bin/../lib/gcc/avr/5.4.0/avrxmega3\libgcc.a(_tablejump2.o)
                0x00000d42                __tablejump2__
 .text.libgcc.mul
                0x00000d4e       0x1e c:/program files (x86)/atmel/studio/7.0/toolchain/avr8/avr8-gnu-toolchain/bin/../lib/gcc/avr/5.4.0/avrxmega3\libgcc.a(_umulhisi3.o)
                0x00000d4e                __umulhisi3
 .text.libgcc   0x00000d6c       0x18 c:/program files (x86)/atmel/studio/7.0/toolchain/avr8/avr8-gnu-toolchain/bin/../lib/gcc/avr/5.4.0/avrxmega3\libgcc.a(_cmpdi2_s8.o)
                0x00000d6c                __cmpdi2_s8
                0x00000d84                . = ALIGN (0x2)
 *(.fini9)
 .fini9         0x00000d84        0x0 c:/program files (x86)/atmel/studio/7.0/toolchain/avr8/avr8-gnu-toolchain/bin/../lib/gcc/avr/5.4.0/avrxmega3\libgcc.a(_exit.o)
                0x00000d84                _exit
                0x00000d84                exit
 *(.fini9)
 *(.fini8)
 *(.fini8)
 *(.fini7)
 *(.fini7)
 *(.fini6)
 *(.fini6)
 *(.fini5)
 *(.fini5)
 *(.fini4)
 *(.fini4)
 *(.fini3)
 *(.fini3)
 *(.fini2)
 *(.fini2)
 *(.fini1)
 *(.fini1)
 *(.fini0)
 .fini0         0x00000d84        0x4 c:/program files (x86)/atmel/studio/7.0/toolchain/avr8/avr8-gnu-toolchain/bin/../lib/gcc/avr/5.4.0/avrxmega3\libgcc.a(_exit.o)
 *(.fini0)
                0x00000d88                _etext = .

.rodata
 *(.rodata)
 *(.rodata*)
 *(.gnu.linkonce.r*)

.data           0x00807000        0x8 load address 0x00000d88
                0x00807000                PROVIDE (__data_start, .)
 *(.data)
 *(.data*)
 .data.iicTimeoutTimer
                0x00807000        0x2 src/iic.o
                0x00807000                iicTimeoutTimer
 .data.pIIC     0x00807002        0x2 src/iic.o
                0x00807002                pIIC
 .data.stepperTimeoutTimer
                0x00807004        0x2 src/stepper.o
                0x00807004                stepperTimeoutTimer
 .data.pMotor   0x00807006        0x2 src/stepper.o
                0x00807006                pMotor
 *(.gnu.linkonce.d*)
                0x00807008                . = ALIGN (0x2)
                0x00807008                _edata = .
                0x00807008                PROVIDE (__data_end, .)

.bss            0x00807008       0x21
                0x00807008                PROVIDE (__bss_start, .)
 *(.bss)
 *(.bss*)
 *(COMMON)
 COMMON         0x00807008        0x1 src/iic.o
                0x00807008                internalAddress
 COMMON         0x00807009       0x20 src/stepper.o
                0x00807009                motorPrev
                0x00807019                motor
                0x00807029                PROVIDE (__bss_end, .)
                0x00000d88                __data_load_start = LOADADDR (.data)
                0x00000d90                __data_load_end = (__data_load_start + SIZEOF (.data))

.noinit         0x00807029        0x0
                [!provide]                PROVIDE (__noinit_start, .)
 *(.noinit*)
                [!provide]                PROVIDE (__noinit_end, .)
                0x00807029                _end = .
                [!provide]                PROVIDE (__heap_start, .)

.eeprom         0x00810000        0x0
 *(.eeprom*)
                0x00810000                __eeprom_end = .

.fuse
 *(.fuse)
 *(.lfuse)
 *(.hfuse)
 *(.efuse)

.lock
 *(.lock*)

.signature
 *(.signature*)

.user_signatures
 *(.user_signatures*)

.stab
 *(.stab)

.stabstr
 *(.stabstr)

.stab.excl
 *(.stab.excl)

.stab.exclstr
 *(.stab.exclstr)

.stab.index
 *(.stab.index)

.stab.indexstr
 *(.stab.indexstr)

.comment        0x00000000       0x30
 *(.comment)
 .comment       0x00000000       0x30 src/encoder.o
                                 0x31 (size before relaxing)
 .comment       0x00000030       0x31 src/iic.o
 .comment       0x00000030       0x31 src/iic_handlers.o
 .comment       0x00000030       0x31 src/interrupts.o
 .comment       0x00000030       0x31 src/main.o
 .comment       0x00000030       0x31 src/stepper.o
 .comment       0x00000030       0x31 src/system.o

.note.gnu.avr.deviceinfo
                0x00000000       0x3c
 .note.gnu.avr.deviceinfo
                0x00000000       0x3c C:/Program Files (x86)/Atmel/Studio/7.0/Packs/atmel/AVR-Dx_DFP/1.6.76/gcc/dev/avr32da32/avrxmega3/crtavr32da32.o

.note.gnu.build-id
 *(.note.gnu.build-id)

.debug
 *(.debug)

.line
 *(.line)

.debug_srcinfo
 *(.debug_srcinfo)

.debug_sfnames
 *(.debug_sfnames)

.debug_aranges  0x00000000      0x2c8
 *(.debug_aranges)
 .debug_aranges
                0x00000000       0x20 src/encoder.o
 .debug_aranges
                0x00000020       0x88 src/iic.o
 .debug_aranges
                0x000000a8       0x50 src/iic_handlers.o
 .debug_aranges
                0x000000f8       0x38 src/interrupts.o
 .debug_aranges
                0x00000130       0x20 src/main.o
 .debug_aranges
                0x00000150      0x108 src/stepper.o
 .debug_aranges
                0x00000258       0x70 src/system.o

.debug_pubnames
 *(.debug_pubnames)

.debug_info     0x00000000     0x5b6a
 *(.debug_info .gnu.linkonce.wi.*)
 .debug_info    0x00000000     0x2316 C:/Program Files (x86)/Atmel/Studio/7.0/Packs/atmel/AVR-Dx_DFP/1.6.76/gcc/dev/avr32da32/avrxmega3/crtavr32da32.o
 .debug_info    0x00002316      0x262 src/encoder.o
 .debug_info    0x00002578      0x874 src/iic.o
 .debug_info    0x00002dec      0x4c1 src/iic_handlers.o
 .debug_info    0x000032ad      0x665 src/interrupts.o
 .debug_info    0x00003912      0x400 src/main.o
 .debug_info    0x00003d12      0xcc7 src/stepper.o
 .debug_info    0x000049d9     0x1191 src/system.o

.debug_abbrev   0x00000000     0x2c44
 *(.debug_abbrev)
 .debug_abbrev  0x00000000     0x213a C:/Program Files (x86)/Atmel/Studio/7.0/Packs/atmel/AVR-Dx_DFP/1.6.76/gcc/dev/avr32da32/avrxmega3/crtavr32da32.o
 .debug_abbrev  0x0000213a       0xa4 src/encoder.o
 .debug_abbrev  0x000021de      0x27b src/iic.o
 .debug_abbrev  0x00002459       0xcd src/iic_handlers.o
 .debug_abbrev  0x00002526      0x15a src/interrupts.o
 .debug_abbrev  0x00002680       0xe1 src/main.o
 .debug_abbrev  0x00002761      0x2e3 src/stepper.o
 .debug_abbrev  0x00002a44      0x200 src/system.o

.debug_line     0x00000000     0x1559
 *(.debug_line .debug_line.* .debug_line_end)
 .debug_line    0x00000000      0x19f C:/Program Files (x86)/Atmel/Studio/7.0/Packs/atmel/AVR-Dx_DFP/1.6.76/gcc/dev/avr32da32/avrxmega3/crtavr32da32.o
 .debug_line    0x0000019f      0x11b src/encoder.o
 .debug_line    0x000002ba      0x3e4 src/iic.o
 .debug_line    0x0000069e      0x240 src/iic_handlers.o
 .debug_line    0x000008de      0x1ee src/interrupts.o
 .debug_line    0x00000acc      0x1b6 src/main.o
 .debug_line    0x00000c82      0x60e src/stepper.o
 .debug_line    0x00001290      0x2c9 src/system.o

.debug_frame    0x00000000      0x6a0
 *(.debug_frame)
 .debug_frame   0x00000000       0x24 src/encoder.o
 .debug_frame   0x00000024      0x138 src/iic.o
 .debug_frame   0x0000015c       0xf4 src/iic_handlers.o
 .debug_frame   0x00000250      0x174 src/interrupts.o
 .debug_frame   0x000003c4       0x24 src/main.o
 .debug_frame   0x000003e8      0x1f4 src/stepper.o
 .debug_frame   0x000005dc       0xc4 src/system.o

.debug_str      0x00000000     0x2754
 *(.debug_str)
 .debug_str     0x00000000      0xf34 C:/Program Files (x86)/Atmel/Studio/7.0/Packs/atmel/AVR-Dx_DFP/1.6.76/gcc/dev/avr32da32/avrxmega3/crtavr32da32.o
 .debug_str     0x00000f34      0x28f src/encoder.o
                                0x2ca (size before relaxing)
 .debug_str     0x000011c3      0x438 src/iic.o
                                0x641 (size before relaxing)
 .debug_str     0x000015fb      0x25b src/iic_handlers.o
                                0x4ee (size before relaxing)
 .debug_str     0x00001856       0x9c src/interrupts.o
                                0x5ab (size before relaxing)
 .debug_str     0x000018f2       0xf1 src/main.o
                                0x3bc (size before relaxing)
 .debug_str     0x000019e3      0x36f src/stepper.o
                                0x9d3 (size before relaxing)
 .debug_str     0x00001d52      0xa02 src/system.o
                                0xe7e (size before relaxing)

.debug_loc      0x00000000      0xc5c
 *(.debug_loc)
 .debug_loc     0x00000000      0x35f src/iic.o
 .debug_loc     0x0000035f      0x1f8 src/iic_handlers.o
 .debug_loc     0x00000557      0x33f src/interrupts.o
 .debug_loc     0x00000896      0x39e src/stepper.o
 .debug_loc     0x00000c34       0x28 src/system.o

.debug_macinfo
 *(.debug_macinfo)

.debug_weaknames
 *(.debug_weaknames)

.debug_funcnames
 *(.debug_funcnames)

.debug_typenames
 *(.debug_typenames)

.debug_varnames
 *(.debug_varnames)

.debug_pubtypes
 *(.debug_pubtypes)

.debug_ranges   0x00000000      0x288
 *(.debug_ranges)
 .debug_ranges  0x00000000       0x10 src/encoder.o
 .debug_ranges  0x00000010       0x90 src/iic.o
 .debug_ranges  0x000000a0       0x40 src/iic_handlers.o
 .debug_ranges  0x000000e0       0x28 src/interrupts.o
 .debug_ranges  0x00000108       0x10 src/main.o
 .debug_ranges  0x00000118      0x110 src/stepper.o
 .debug_ranges  0x00000228       0x60 src/system.o

.debug_macro
 *(.debug_macro)
OUTPUT(DampingMotorControlExe001.elf elf32-avr)
LOAD linker stubs
